// Jest Snapshot v1, https://goo.gl/fbAQLP

exports[`<CostItemCategoriesDropdown/> should matches the snapshot 1`] = `
<div>
  <select
    onChange={[Function]}
  >
    <option
      value="NO_FILTER"
    >
      NO_FILTER
    </option>
    <option
      value="FOOD"
    >
      FOOD
    </option>
    <option
      value="CLOTHING"
    >
      CLOTHING
    </option>
    <option
      value="RENT"
    >
      RENT
    </option>
    <option
      value="BILLS"
    >
      BILLS
    </option>
  </select>
</div>
`;

exports[`<CostItemCategoriesDropdown/> should push filtered cost items 1`] = `
Array [
  Object {
    "payload": Array [
      Object {
        "category": "FOOD",
        "comment": "this is a comment",
        "cost": 2000,
      },
    ],
    "type": "ADD_FILTERED_COST_ITEMS",
  },
]
`;
